[debug] [2026-09-09T10:47:05.064Z] ----------------------------------------------------------------------
[debug] [2026-09-09T10:47:05.066Z] Command:       /Users/adeel/.nvm/versions/node/v24.14.0/bin/node /Users/adeel/.nvm/versions/node/v24.14.0/bin/firebase deploy --only storage --project exofters
[debug] [2026-09-09T10:47:05.066Z] CLI Version:   15.9.0
[debug] [2026-09-09T10:47:05.066Z] Platform:      darwin
[debug] [2026-09-09T10:47:05.066Z] Node Version:  v24.14.0
[debug] [2026-09-09T10:47:05.066Z] Time:          Wed Sep 09 2026 15:47:05 GMT+0500 (Pakistan Standard Time)
[debug] [2026-09-09T10:47:05.066Z] ----------------------------------------------------------------------
[debug] 
[debug] [2026-09-09T10:47:05.662Z] > command requires scopes: ["email","openid","https://www.googleapis.com/auth/cloudplatformprojects.readonly","https://www.googleapis.com/auth/firebase","https://www.googleapis.com/auth/cloud-platform"]
[debug] [2026-09-09T10:47:05.662Z] > authorizing via signed-in user (adeel.shhid@gmail.com)
[debug] [2026-09-09T10:47:05.662Z] [iam] checking project exofters for permissions ["firebase.projects.get","firebaserules.releases.create","firebaserules.releases.update","firebaserules.rulesets.create"]
[debug] [2026-09-09T10:47:05.663Z] Checked if tokens are valid: true, expires at: 1788954130193
[debug] [2026-09-09T10:47:05.663Z] Checked if tokens are valid: true, expires at: 1788954130193
[debug] [2026-09-09T10:47:05.663Z] >>> [apiv2][query] POST https://cloudresourcemanager.googleapis.com/v1/projects/exofters:testIamPermissions [none]
[debug] [2026-09-09T10:47:05.663Z] >>> [apiv2][(partial)header] POST https://cloudresourcemanager.googleapis.com/v1/projects/exofters:testIamPermissions  x-goog-user-project=exofters
[debug] [2026-09-09T10:47:05.663Z] >>> [apiv2][body] POST https://cloudresourcemanager.googleapis.com/v1/projects/exofters:testIamPermissions {"permissions":["firebase.projects.get","firebaserules.releases.create","firebaserules.releases.update","firebaserules.rulesets.create"]}
[debug] [2026-09-09T10:47:07.266Z] <<< [apiv2][status] POST https://cloudresourcemanager.googleapis.com/v1/projects/exofters:testIamPermissions 200
[debug] [2026-09-09T10:47:07.266Z] <<< [apiv2][body] POST https://cloudresourcemanager.googleapis.com/v1/projects/exofters:testIamPermissions {"permissions":["firebase.projects.get","firebaserules.releases.create","firebaserules.releases.update","firebaserules.rulesets.create"]}
[info] 
[info] === Deploying to 'exofters'...
[info] 
[info] i  deploying storage 
[info] i  storage: ensuring required API firebasestorage.googleapis.com is enabled... 
[debug] [2026-09-09T10:47:07.270Z] Checked if tokens are valid: true, expires at: 1788954130193
[debug] [2026-09-09T10:47:07.270Z] Checked if tokens are valid: true, expires at: 1788954130193
[debug] [2026-09-09T10:47:07.270Z] >>> [apiv2][query] GET https://firebasestorage.googleapis.com/v1alpha/projects/exofters/defaultBucket [none]
